The person was yelling said then there was a notified. I heard a person
walking in the hallway as the door slammed, said revealed that the test
kidsbop was
to bad to hear. The tabs are comming                ohhh this is bad
            this is annoying with tabs. But then 707 707 came said then we
had to see not 53553535335.But then wellThatsStrange